[20:49:56] [ServerMain/INFO]: Environment: Environment[sessionHost=https://sessionserver.mojang.com, servicesHost=https://api.minecraftservices.com, profilesHost=https://api.mojang.com, name=PROD]
[20:49:59] [ServerMain/INFO]: Loaded 1515 recipes
[20:49:59] [ServerMain/INFO]: Loaded 1617 advancements
[20:49:59] [Server thread/INFO]: Starting minecraft server version 26.1.2
[20:49:59] [Server thread/INFO]: Loading properties
[20:49:59] [Server thread/INFO]: Default game type: SURVIVAL
[20:49:59] [Server thread/INFO]: Generating keypair
[20:49:59] [Server thread/INFO]: Starting Minecraft server on *:25565
[20:49:59] [Server thread/WARN]: **** SERVER IS RUNNING IN OFFLINE/INSECURE MODE!
[20:49:59] [Server thread/WARN]: The server will make no attempt to authenticate usernames. Beware.
[20:49:59] [Server thread/WARN]: While this makes the game possible to play without internet access, it also opens up the ability for hackers to connect with any username they choose.
[20:49:59] [Server thread/WARN]: To change this, set "online-mode" to "true" in the server.properties file.
[20:49:59] [Server thread/INFO]: Preparing level "world"
[20:49:59] [Server thread/INFO]: Loading 0 persistent chunks...
[20:49:59] [Server thread/INFO]: Preparing spawn area: 100%
[20:49:59] [Server thread/INFO]: Time elapsed: 17 ms
[20:49:59] [Server thread/INFO]: Done (0.342s)! For help, type "help"
[20:49:59] [Server thread/INFO]: Saving chunks for level 'ServerLevel[world]'/minecraft:overworld
[20:49:59] [Server thread/INFO]: Saving chunks for level 'ServerLevel[world]'/minecraft:the_nether
[20:49:59] [Server thread/INFO]: Saving chunks for level 'ServerLevel[world]'/minecraft:the_end
[20:49:59] [Server thread/INFO]: ThreadedAnvilChunkStorage (world): All chunks are saved
[20:49:59] [Server thread/INFO]: ThreadedAnvilChunkStorage (DIM-1): All chunks are saved
[20:49:59] [Server thread/INFO]: ThreadedAnvilChunkStorage (DIM1): All chunks are saved
[20:49:59] [Server thread/INFO]: ThreadedAnvilChunkStorage: All dimensions are saved
[20:50:39] [Server thread/INFO]: ElectronSuf[/127.8.103.248:52185] logged in with entity id 99 at (24.5, 66.0, -38.5)
[20:50:39] [Server thread/INFO]: ElectronSuf joined the game
[20:52:47] [Server thread/INFO]: ElectronSuf lost connection: Disconnected
[20:52:47] [Server thread/INFO]: ElectronSuf left the game
[20:53:47] [Server thread/INFO]: Server empty for 60 seconds, pausing
[20:54:02] [Server thread/INFO]: Stopping the server
[20:54:02] [Server thread/INFO]: Stopping server
[20:54:02] [Server thread/INFO]: Saving players
[20:54:02] [Server thread/INFO]: Saving worlds
[20:54:02] [Server thread/INFO]: Saving chunks for level 'ServerLevel[world]'/minecraft:overworld
[20:54:02] [Server thread/INFO]: Saving chunks for level 'ServerLevel[world]'/minecraft:the_nether
[20:54:02] [Server thread/INFO]: Saving chunks for level 'ServerLevel[world]'/minecraft:the_end
[20:54:02] [Server thread/INFO]: ThreadedAnvilChunkStorage (world): All chunks are saved
[20:54:02] [Server thread/INFO]: ThreadedAnvilChunkStorage (DIM-1): All chunks are saved
[20:54:02] [Server thread/INFO]: ThreadedAnvilChunkStorage (DIM1): All chunks are saved
[20:54:02] [Server thread/INFO]: ThreadedAnvilChunkStorage: All dimensions are saved
